Error: 1.4862691907491574
